// Jest Snapshot v1, https://goo.gl/fbAQLP

exports[`Testing with header data should match dom snapshot 1`] = `
<DocumentFragment>
  <div
    class="header"
  >
    <p
      class="welComeNote"
    >
      Hi ! Wel-come to manaze
    </p>
    <div
      class="dropDown"
    >
      <button
        class="dropButton"
      />
      <div
        class="dropContain"
        style=""
      >
        <button
          class="profileSettingBtn"
          type="submit"
        >
          Profile Settings
        </button>
        <button
          class="logoutButton"
          type="submit"
        >
          logout
          <svg
            aria-hidden="true"
            class="logoutIcon"
            fill="none"
            height="1em"
            stroke="currentColor"
            stroke-width="2"
            viewBox="0 0 24 24"
            width="1em"
            xmlns="http://www.w3.org/2000/svg"
          >
            <path
              d="M17 16l4-4m0 0l-4-4m4 4H7m6 4v1a3 3 0 01-3 3H6a3 3 0 01-3-3V7a3 3 0 013-3h4a3 3 0 013 3v1"
              stroke-linecap="round"
              stroke-linejoin="round"
            />
          </svg>
        </button>
      </div>
    </div>
  </div>
</DocumentFragment>
`;
