// Jest Snapshot v1, https://goo.gl/fbAQLP

exports[`fetches and displays data should match dom snapshot 1`] = `
<DocumentFragment>
  <div
    class="userSetting"
  >
    <div
      class="innerUserSetting"
    >
      <h3>
        Personal Information
      </h3>
      <button
        type="submit"
      >
        Edit
      </button>
      <div
        class="formUserSetting"
      >
        <div
          class="fieldContainer"
        >
          <label>
            First Name
          </label>
          <p />
        </div>
        <div
          class="fieldContainer"
        >
          <label>
            Last Name
          </label>
          <p />
        </div>
        <div
          class="fieldContainer"
        >
          <label>
            Role
          </label>
          <p />
        </div>
        <div
          class="fieldContainer"
        >
          <label>
            User Email
          </label>
          <p />
        </div>
      </div>
    </div>
  </div>
</DocumentFragment>
`;
