// Jest Snapshot v1, https://goo.gl/fbAQLP

exports[`Testing with Sidebar data should match dom snapshot:-Sidebar 1`] = `
<DocumentFragment>
  <div
    class="sidebar"
  >
    <div
      class="navlink"
    >
      <a
        aria-current="page"
        class="active"
        href="/"
      >
        <svg
          class="sidebarIcon"
          fill="currentColor"
          height="1em"
          stroke="currentColor"
          stroke-width="0"
          viewBox="0 0 512 512"
          width="1em"
          xmlns="http://www.w3.org/2000/svg"
        >
          <path
            d="M383.88,287.82l64-192H338.47a70.2,70.2,0,0,1-66.59-48,70.21,70.21,0,0,0-66.6-48H63.88l64,288Zm-384,192a32,32,0,0,0,32,32h448a32,32,0,0,0,32-32v-64H-.12Zm480-256H438.94l-21.33,64h14.27a16,16,0,0,1,0,32h-352a16,16,0,1,1,0-32H95.09l-14.22-64h-49a32,32,0,0,0-32,32v128h512v-128A32,32,0,0,0,479.88,223.82Z"
          />
        </svg>
         Issue
      </a>
      <a
        class=""
        href="/backlog"
      >
        <svg
          class="sidebarIcon"
          fill="currentColor"
          height="1em"
          role="img"
          stroke="currentColor"
          stroke-width="0"
          viewBox="0 0 24 24"
          width="1em"
          xmlns="http://www.w3.org/2000/svg"
        >
          <path
            d="M17.295 17.484c.227.403.57.728.985.931-.309.15-.647.229-.99.232h-3.068a2.26 2.26 0 0 1-1.957-1.143L6.705 6.511a2.27 2.27 0 0 0-.974-.922c.309-.153.652-.233.997-.232h3.05c.81.003 1.558.438 1.959 1.143l5.558 10.984zm-9.329-7.392L6.269 6.755c-.209-.392-.582-.657-.984-.829-.204.165-.391.35-.522.581-.184.349-4.391 8.648-4.569 8.987a2.245 2.245 0 0 0 4.016 1.999l3.756-7.401zm15.846-1.593a2.245 2.245 0 0 0-1.162-2.955v-.001a2.243 2.243 0 0 0-.892-.187l-.003-.011c-.816 0-1.569.443-1.965 1.157l-3.749 7.414 1.689 3.323c.213.399.59.664.998.839.252-.2.473-.444.605-.742l4.479-8.837z"
          />
        </svg>
        Backlog
      </a>
    </div>
    <button
      class="sidebarButton"
    >
      <span
        class="kababMenu"
      >
        â˜°
      </span>
      <div
        class="navlink"
      >
        <a
          aria-current="page"
          class="active"
          href="/"
        >
          <svg
            class="sidebarIcon"
            fill="currentColor"
            height="1em"
            stroke="currentColor"
            stroke-width="0"
            viewBox="0 0 512 512"
            width="1em"
            xmlns="http://www.w3.org/2000/svg"
          >
            <path
              d="M383.88,287.82l64-192H338.47a70.2,70.2,0,0,1-66.59-48,70.21,70.21,0,0,0-66.6-48H63.88l64,288Zm-384,192a32,32,0,0,0,32,32h448a32,32,0,0,0,32-32v-64H-.12Zm480-256H438.94l-21.33,64h14.27a16,16,0,0,1,0,32h-352a16,16,0,1,1,0-32H95.09l-14.22-64h-49a32,32,0,0,0-32,32v128h512v-128A32,32,0,0,0,479.88,223.82Z"
            />
          </svg>
           Issue
        </a>
        <a
          class=""
          href="/backlog"
        >
          <svg
            class="sidebarIcon"
            fill="currentColor"
            height="1em"
            role="img"
            stroke="currentColor"
            stroke-width="0"
            viewBox="0 0 24 24"
            width="1em"
            xmlns="http://www.w3.org/2000/svg"
          >
            <path
              d="M17.295 17.484c.227.403.57.728.985.931-.309.15-.647.229-.99.232h-3.068a2.26 2.26 0 0 1-1.957-1.143L6.705 6.511a2.27 2.27 0 0 0-.974-.922c.309-.153.652-.233.997-.232h3.05c.81.003 1.558.438 1.959 1.143l5.558 10.984zm-9.329-7.392L6.269 6.755c-.209-.392-.582-.657-.984-.829-.204.165-.391.35-.522.581-.184.349-4.391 8.648-4.569 8.987a2.245 2.245 0 0 0 4.016 1.999l3.756-7.401zm15.846-1.593a2.245 2.245 0 0 0-1.162-2.955v-.001a2.243 2.243 0 0 0-.892-.187l-.003-.011c-.816 0-1.569.443-1.965 1.157l-3.749 7.414 1.689 3.323c.213.399.59.664.998.839.252-.2.473-.444.605-.742l4.479-8.837z"
            />
          </svg>
          Backlog
        </a>
      </div>
    </button>
  </div>
</DocumentFragment>
`;
